// Jest Snapshot v1, https://goo.gl/fbAQLP

exports[`Label component matches the snapshot 1`] = `
.c0 {
  -webkit-transition: all 0.2s;
  transition: all 0.2s;
  color: #aaa;
}

<div>
  <label
    color="#aaa"
    class="c0"
  >
    First Name
  </label>
</div>
`;
