// Jest Snapshot v1, https://goo.gl/fbAQLP

exports[`Flex component matches the snapshot 1`] = `
.c0 {
  display: -webkit-box;
  display: -webkit-flex;
  display: -ms-flexbox;
  display: flex;
}

<div>
  <div
    class="c0"
  >
    <div
      class=""
    >
      Hi
    </div>
  </div>
</div>
`;
