// Jest Snapshot v1, https://goo.gl/fbAQLP

exports[`Floating component matches the snapshot 1`] = `
.c1 {
  background: none;
  border: 0;
  font-size: 16px;
  -webkit-transition: all 0.2s;
  transition: all 0.2s;
  padding: 1rem 0.5rem 0.5rem 0.5rem;
}

.c1:placeholder-shown + label {
  -webkit-transform: translate(0.5rem,0.8rem) scale(1);
  -ms-transform: translate(0.5rem,0.8rem) scale(1);
  transform: translate(0.5rem,0.8rem) scale(1);
}

.c1:placeholder-shown:not(:focus)::-webkit-input-placeholder,
.c1:placeholder-shown:not(:focus)::-webkit-input-placeholder {
  opacity: 0;
  -webkit-transition: inherit;
  transition: inherit;
}

.c1:placeholder-shown:not(:focus)::-moz-placeholder,
.c1:placeholder-shown:not(:focus)::-webkit-input-placeholder {
  opacity: 0;
  -webkit-transition: inherit;
  transition: inherit;
}

.c1:placeholder-shown:not(:focus):-ms-input-placeholder,
.c1:placeholder-shown:not(:focus)::-webkit-input-placeholder {
  opacity: 0;
  -webkit-transition: inherit;
  transition: inherit;
}

.c1:placeholder-shown:not(:focus)::placeholder,
.c1:placeholder-shown:not(:focus)::-webkit-input-placeholder {
  opacity: 0;
  -webkit-transition: inherit;
  transition: inherit;
}

.c1:focus::-webkit-input-placeholder,
.c1:focus::-webkit-input-placeholder {
  color: #626262;
  opacity: 1;
}

.c1:focus::-moz-placeholder,
.c1:focus::-webkit-input-placeholder {
  color: #626262;
  opacity: 1;
}

.c1:focus:-ms-input-placeholder,
.c1:focus::-webkit-input-placeholder {
  color: #626262;
  opacity: 1;
}

.c1:focus::placeholder,
.c1:focus::-webkit-input-placeholder {
  color: #626262;
  opacity: 1;
}

.c1:not(:placeholder-shown) + label,
.c1:focus + label {
  padding-top: 0.2rem;
  -webkit-transform-origin: left top;
  -ms-transform-origin: left top;
  transform-origin: left top;
  -webkit-transform: translate(0.5rem,0rem) scale(0.8);
  -ms-transform: translate(0.5rem,0rem) scale(0.8);
  transform: translate(0.5rem,0rem) scale(0.8);
}

.c2 {
  -webkit-transition: all 0.2s;
  transition: all 0.2s;
  color: #aaa;
  position: absolute;
  top: 0;
  left: 0;
}

.c2:hover {
  cursor: text;
}

.c0 {
  position: relative;
}

<div>
  <div
    class="c0"
  >
    <input
      color="#ccc"
      class="c1"
    />
    <label
      color="#aaa"
      class="c2"
    >
      Name
    </label>
  </div>
</div>
`;
