// Jest Snapshot v1, https://goo.gl/fbAQLP

exports[`Input component matches the snapshot 1`] = `
.c0 {
  background: none;
  border: 0;
  font-size: 16px;
  -webkit-transition: all 0.2s;
  transition: all 0.2s;
  padding: 0.5rem;
}

<div>
  <input
    color="#ccc"
    class="c0"
  />
</div>
`;
